// Jest Snapshot v1, https://goo.gl/fbAQLP

exports[`should render SearchBox component 1`] = `ShallowWrapper {}`;
